2026-09-15 18:53:23.396 | INFO     | __main__:run_pair:39 - mu_vs_kappa: 3766 molecules (mu-opioid + kappa-opioid)
GPU available: True (mps), used: False
TPU available: False, using: 0 TPU cores
💡 Tip: For seamless cloud logging and experiment tracking, try installing [litlogger](https://pypi.org/project/litlogger/) to enable LitLogger, which logs metrics and artifacts automatically to the Lightning Experiments platform.
Loading `train_dataloader` to estimate number of stepping batches.
┏━━━┳━━━━━━━━━━━━━━━━━┳━━━━━━━━━━━━━━━━━━━━┳━━━━━━━━┳━━━━━━━┳━━━━━━━┓
┃   ┃ Name            ┃ Type               ┃ Params ┃ Mode  ┃ FLOPs ┃
┡━━━╇━━━━━━━━━━━━━━━━━╇━━━━━━━━━━━━━━━━━━━━╇━━━━━━━━╇━━━━━━━╇━━━━━━━┩
│ 0 │ message_passing │ BondMessagePassing │  227 K │ train │     0 │
│ 1 │ agg             │ MeanAggregation    │      0 │ train │     0 │
│ 2 │ bn              │ Identity           │      0 │ train │     0 │
│ 3 │ predictor       │ RegressionFFN      │ 90.9 K │ train │     0 │
│ 4 │ X_d_transform   │ Identity           │      0 │ train │     0 │
│ 5 │ metrics         │ ModuleList         │      0 │ train │     0 │
└───┴─────────────────┴────────────────────┴────────┴───────┴───────┘
Trainable params: 318 K                                                         
Non-trainable params: 0                                                         
Total params: 318 K                                                             
Total estimated model params size (MB): 1.274                                   
Modules in train mode: 24                                                       
Modules in eval mode: 0                                                         
Total FLOPs: 0                                                                  
`Trainer.fit` stopped: `max_epochs=30` reached.
2026-09-15 18:54:50.932 | INFO     | __main__:run_pair:70 -   alpha=0.0 seed=0: R2_a=0.018 R2_b=0.454
GPU available: True (mps), used: False
TPU available: False, using: 0 TPU cores
💡 Tip: For seamless cloud logging and experiment tracking, try installing [litlogger](https://pypi.org/project/litlogger/) to enable LitLogger, which logs metrics and artifacts automatically to the Lightning Experiments platform.
Loading `train_dataloader` to estimate number of stepping batches.
┏━━━┳━━━━━━━━━━━━━━━━━┳━━━━━━━━━━━━━━━━━━━━┳━━━━━━━━┳━━━━━━━┳━━━━━━━┓
┃   ┃ Name            ┃ Type               ┃ Params ┃ Mode  ┃ FLOPs ┃
┡━━━╇━━━━━━━━━━━━━━━━━╇━━━━━━━━━━━━━━━━━━━━╇━━━━━━━━╇━━━━━━━╇━━━━━━━┩
│ 0 │ message_passing │ BondMessagePassing │  227 K │ train │     0 │
│ 1 │ agg             │ MeanAggregation    │      0 │ train │     0 │
│ 2 │ bn              │ Identity           │      0 │ train │     0 │
│ 3 │ predictor       │ RegressionFFN      │ 90.9 K │ train │     0 │
│ 4 │ X_d_transform   │ Identity           │      0 │ train │     0 │
│ 5 │ metrics         │ ModuleList         │      0 │ train │     0 │
└───┴─────────────────┴────────────────────┴────────┴───────┴───────┘
Trainable params: 318 K                                                         
Non-trainable params: 0                                                         
Total params: 318 K                                                             
Total estimated model params size (MB): 1.274                                   
Modules in train mode: 24                                                       
Modules in eval mode: 0                                                         
Total FLOPs: 0                                                                  
`Trainer.fit` stopped: `max_epochs=30` reached.
2026-09-15 18:56:16.678 | INFO     | __main__:run_pair:70 -   alpha=0.0 seed=1: R2_a=-0.033 R2_b=0.510
GPU available: True (mps), used: False
TPU available: False, using: 0 TPU cores
💡 Tip: For seamless cloud logging and experiment tracking, try installing [litlogger](https://pypi.org/project/litlogger/) to enable LitLogger, which logs metrics and artifacts automatically to the Lightning Experiments platform.
Loading `train_dataloader` to estimate number of stepping batches.
┏━━━┳━━━━━━━━━━━━━━━━━┳━━━━━━━━━━━━━━━━━━━━┳━━━━━━━━┳━━━━━━━┳━━━━━━━┓
┃   ┃ Name            ┃ Type               ┃ Params ┃ Mode  ┃ FLOPs ┃
┡━━━╇━━━━━━━━━━━━━━━━━╇━━━━━━━━━━━━━━━━━━━━╇━━━━━━━━╇━━━━━━━╇━━━━━━━┩
│ 0 │ message_passing │ BondMessagePassing │  227 K │ train │     0 │
│ 1 │ agg             │ MeanAggregation    │      0 │ train │     0 │
│ 2 │ bn              │ Identity           │      0 │ train │     0 │
│ 3 │ predictor       │ RegressionFFN      │ 90.9 K │ train │     0 │
│ 4 │ X_d_transform   │ Identity           │      0 │ train │     0 │
│ 5 │ metrics         │ ModuleList         │      0 │ train │     0 │
└───┴─────────────────┴────────────────────┴────────┴───────┴───────┘
Trainable params: 318 K                                                         
Non-trainable params: 0                                                         
Total params: 318 K                                                             
Total estimated model params size (MB): 1.274                                   
Modules in train mode: 24                                                       
Modules in eval mode: 0                                                         
Total FLOPs: 0                                                                  
`Trainer.fit` stopped: `max_epochs=30` reached.
2026-09-15 18:57:38.829 | INFO     | __main__:run_pair:70 -   alpha=0.0 seed=2: R2_a=-0.040 R2_b=0.396
GPU available: True (mps), used: False
TPU available: False, using: 0 TPU cores
💡 Tip: For seamless cloud logging and experiment tracking, try installing [litlogger](https://pypi.org/project/litlogger/) to enable LitLogger, which logs metrics and artifacts automatically to the Lightning Experiments platform.
Loading `train_dataloader` to estimate number of stepping batches.
┏━━━┳━━━━━━━━━━━━━━━━━┳━━━━━━━━━━━━━━━━━━━━┳━━━━━━━━┳━━━━━━━┳━━━━━━━┓
┃   ┃ Name            ┃ Type               ┃ Params ┃ Mode  ┃ FLOPs ┃
┡━━━╇━━━━━━━━━━━━━━━━━╇━━━━━━━━━━━━━━━━━━━━╇━━━━━━━━╇━━━━━━━╇━━━━━━━┩
│ 0 │ message_passing │ BondMessagePassing │  227 K │ train │     0 │
│ 1 │ agg             │ MeanAggregation    │      0 │ train │     0 │
│ 2 │ bn              │ Identity           │      0 │ train │     0 │
│ 3 │ predictor       │ RegressionFFN      │ 90.9 K │ train │     0 │
│ 4 │ X_d_transform   │ Identity           │      0 │ train │     0 │
│ 5 │ metrics         │ ModuleList         │      0 │ train │     0 │
└───┴─────────────────┴────────────────────┴────────┴───────┴───────┘
Trainable params: 318 K                                                         
Non-trainable params: 0                                                         
Total params: 318 K                                                             
Total estimated model params size (MB): 1.274                                   
Modules in train mode: 24                                                       
Modules in eval mode: 0                                                         
Total FLOPs: 0                                                                  
`Trainer.fit` stopped: `max_epochs=30` reached.
2026-09-15 18:58:58.814 | INFO     | __main__:run_pair:70 -   alpha=0.25 seed=0: R2_a=0.477 R2_b=0.456
GPU available: True (mps), used: False
TPU available: False, using: 0 TPU cores
💡 Tip: For seamless cloud logging and experiment tracking, try installing [litlogger](https://pypi.org/project/litlogger/) to enable LitLogger, which logs metrics and artifacts automatically to the Lightning Experiments platform.
Loading `train_dataloader` to estimate number of stepping batches.
┏━━━┳━━━━━━━━━━━━━━━━━┳━━━━━━━━━━━━━━━━━━━━┳━━━━━━━━┳━━━━━━━┳━━━━━━━┓
┃   ┃ Name            ┃ Type               ┃ Params ┃ Mode  ┃ FLOPs ┃
┡━━━╇━━━━━━━━━━━━━━━━━╇━━━━━━━━━━━━━━━━━━━━╇━━━━━━━━╇━━━━━━━╇━━━━━━━┩
│ 0 │ message_passing │ BondMessagePassing │  227 K │ train │     0 │
│ 1 │ agg             │ MeanAggregation    │      0 │ train │     0 │
│ 2 │ bn              │ Identity           │      0 │ train │     0 │
│ 3 │ predictor       │ RegressionFFN      │ 90.9 K │ train │     0 │
│ 4 │ X_d_transform   │ Identity           │      0 │ train │     0 │
│ 5 │ metrics         │ ModuleList         │      0 │ train │     0 │
└───┴─────────────────┴────────────────────┴────────┴───────┴───────┘
Trainable params: 318 K                                                         
Non-trainable params: 0                                                         
Total params: 318 K                                                             
Total estimated model params size (MB): 1.274                                   
Modules in train mode: 24                                                       
Modules in eval mode: 0                                                         
Total FLOPs: 0                                                                  
`Trainer.fit` stopped: `max_epochs=30` reached.
2026-09-15 19:00:17.624 | INFO     | __main__:run_pair:70 -   alpha=0.25 seed=1: R2_a=0.481 R2_b=0.503
GPU available: True (mps), used: False
TPU available: False, using: 0 TPU cores
💡 Tip: For seamless cloud logging and experiment tracking, try installing [litlogger](https://pypi.org/project/litlogger/) to enable LitLogger, which logs metrics and artifacts automatically to the Lightning Experiments platform.
Loading `train_dataloader` to estimate number of stepping batches.
┏━━━┳━━━━━━━━━━━━━━━━━┳━━━━━━━━━━━━━━━━━━━━┳━━━━━━━━┳━━━━━━━┳━━━━━━━┓
┃   ┃ Name            ┃ Type               ┃ Params ┃ Mode  ┃ FLOPs ┃
┡━━━╇━━━━━━━━━━━━━━━━━╇━━━━━━━━━━━━━━━━━━━━╇━━━━━━━━╇━━━━━━━╇━━━━━━━┩
│ 0 │ message_passing │ BondMessagePassing │  227 K │ train │     0 │
│ 1 │ agg             │ MeanAggregation    │      0 │ train │     0 │
│ 2 │ bn              │ Identity           │      0 │ train │     0 │
│ 3 │ predictor       │ RegressionFFN      │ 90.9 K │ train │     0 │
│ 4 │ X_d_transform   │ Identity           │      0 │ train │     0 │
│ 5 │ metrics         │ ModuleList         │      0 │ train │     0 │
└───┴─────────────────┴────────────────────┴────────┴───────┴───────┘
Trainable params: 318 K                                                         
Non-trainable params: 0                                                         
Total params: 318 K                                                             
Total estimated model params size (MB): 1.274                                   
Modules in train mode: 24                                                       
Modules in eval mode: 0                                                         
Total FLOPs: 0                                                                  
`Trainer.fit` stopped: `max_epochs=30` reached.
2026-09-15 19:01:37.398 | INFO     | __main__:run_pair:70 -   alpha=0.25 seed=2: R2_a=0.436 R2_b=0.392
GPU available: True (mps), used: False
TPU available: False, using: 0 TPU cores
💡 Tip: For seamless cloud logging and experiment tracking, try installing [litlogger](https://pypi.org/project/litlogger/) to enable LitLogger, which logs metrics and artifacts automatically to the Lightning Experiments platform.
Loading `train_dataloader` to estimate number of stepping batches.
┏━━━┳━━━━━━━━━━━━━━━━━┳━━━━━━━━━━━━━━━━━━━━┳━━━━━━━━┳━━━━━━━┳━━━━━━━┓
┃   ┃ Name            ┃ Type               ┃ Params ┃ Mode  ┃ FLOPs ┃
┡━━━╇━━━━━━━━━━━━━━━━━╇━━━━━━━━━━━━━━━━━━━━╇━━━━━━━━╇━━━━━━━╇━━━━━━━┩
│ 0 │ message_passing │ BondMessagePassing │  227 K │ train │     0 │
│ 1 │ agg             │ MeanAggregation    │      0 │ train │     0 │
│ 2 │ bn              │ Identity           │      0 │ train │     0 │
│ 3 │ predictor       │ RegressionFFN      │ 90.9 K │ train │     0 │
│ 4 │ X_d_transform   │ Identity           │      0 │ train │     0 │
│ 5 │ metrics         │ ModuleList         │      0 │ train │     0 │
└───┴─────────────────┴────────────────────┴────────┴───────┴───────┘
Trainable params: 318 K                                                         
Non-trainable params: 0                                                         
Total params: 318 K                                                             
Total estimated model params size (MB): 1.274                                   
Modules in train mode: 24                                                       
Modules in eval mode: 0                                                         
Total FLOPs: 0                                                                  
`Trainer.fit` stopped: `max_epochs=30` reached.
2026-09-15 19:49:13.401 | INFO     | __main__:run_pair:70 -   alpha=0.5 seed=0: R2_a=0.488 R2_b=0.467
GPU available: True (mps), used: False
TPU available: False, using: 0 TPU cores
💡 Tip: For seamless cloud logging and experiment tracking, try installing [litlogger](https://pypi.org/project/litlogger/) to enable LitLogger, which logs metrics and artifacts automatically to the Lightning Experiments platform.
Loading `train_dataloader` to estimate number of stepping batches.
┏━━━┳━━━━━━━━━━━━━━━━━┳━━━━━━━━━━━━━━━━━━━━┳━━━━━━━━┳━━━━━━━┳━━━━━━━┓
┃   ┃ Name            ┃ Type               ┃ Params ┃ Mode  ┃ FLOPs ┃
┡━━━╇━━━━━━━━━━━━━━━━━╇━━━━━━━━━━━━━━━━━━━━╇━━━━━━━━╇━━━━━━━╇━━━━━━━┩
│ 0 │ message_passing │ BondMessagePassing │  227 K │ train │     0 │
│ 1 │ agg             │ MeanAggregation    │      0 │ train │     0 │
│ 2 │ bn              │ Identity           │      0 │ train │     0 │
│ 3 │ predictor       │ RegressionFFN      │ 90.9 K │ train │     0 │
│ 4 │ X_d_transform   │ Identity           │      0 │ train │     0 │
│ 5 │ metrics         │ ModuleList         │      0 │ train │     0 │
└───┴─────────────────┴────────────────────┴────────┴───────┴───────┘
Trainable params: 318 K                                                         
Non-trainable params: 0                                                         
Total params: 318 K                                                             
Total estimated model params size (MB): 1.274                                   
Modules in train mode: 24                                                       
Modules in eval mode: 0                                                         
Total FLOPs: 0                                                                  
`Trainer.fit` stopped: `max_epochs=30` reached.
2026-09-15 19:50:35.178 | INFO     | __main__:run_pair:70 -   alpha=0.5 seed=1: R2_a=0.477 R2_b=0.507
GPU available: True (mps), used: False
TPU available: False, using: 0 TPU cores
💡 Tip: For seamless cloud logging and experiment tracking, try installing [litlogger](https://pypi.org/project/litlogger/) to enable LitLogger, which logs metrics and artifacts automatically to the Lightning Experiments platform.
Loading `train_dataloader` to estimate number of stepping batches.
┏━━━┳━━━━━━━━━━━━━━━━━┳━━━━━━━━━━━━━━━━━━━━┳━━━━━━━━┳━━━━━━━┳━━━━━━━┓
┃   ┃ Name            ┃ Type               ┃ Params ┃ Mode  ┃ FLOPs ┃
┡━━━╇━━━━━━━━━━━━━━━━━╇━━━━━━━━━━━━━━━━━━━━╇━━━━━━━━╇━━━━━━━╇━━━━━━━┩
│ 0 │ message_passing │ BondMessagePassing │  227 K │ train │     0 │
│ 1 │ agg             │ MeanAggregation    │      0 │ train │     0 │
│ 2 │ bn              │ Identity           │      0 │ train │     0 │
│ 3 │ predictor       │ RegressionFFN      │ 90.9 K │ train │     0 │
│ 4 │ X_d_transform   │ Identity           │      0 │ train │     0 │
│ 5 │ metrics         │ ModuleList         │      0 │ train │     0 │
└───┴─────────────────┴────────────────────┴────────┴───────┴───────┘
Trainable params: 318 K                                                         
Non-trainable params: 0                                                         
Total params: 318 K                                                             
Total estimated model params size (MB): 1.274                                   
Modules in train mode: 24                                                       
Modules in eval mode: 0                                                         
Total FLOPs: 0                                                                  
`Trainer.fit` stopped: `max_epochs=30` reached.
2026-09-15 19:52:03.750 | INFO     | __main__:run_pair:70 -   alpha=0.5 seed=2: R2_a=0.443 R2_b=0.409
GPU available: True (mps), used: False
TPU available: False, using: 0 TPU cores
💡 Tip: For seamless cloud logging and experiment tracking, try installing [litlogger](https://pypi.org/project/litlogger/) to enable LitLogger, which logs metrics and artifacts automatically to the Lightning Experiments platform.
Loading `train_dataloader` to estimate number of stepping batches.
┏━━━┳━━━━━━━━━━━━━━━━━┳━━━━━━━━━━━━━━━━━━━━┳━━━━━━━━┳━━━━━━━┳━━━━━━━┓
┃   ┃ Name            ┃ Type               ┃ Params ┃ Mode  ┃ FLOPs ┃
┡━━━╇━━━━━━━━━━━━━━━━━╇━━━━━━━━━━━━━━━━━━━━╇━━━━━━━━╇━━━━━━━╇━━━━━━━┩
│ 0 │ message_passing │ BondMessagePassing │  227 K │ train │     0 │
│ 1 │ agg             │ MeanAggregation    │      0 │ train │     0 │
│ 2 │ bn              │ Identity           │      0 │ train │     0 │
│ 3 │ predictor       │ RegressionFFN      │ 90.9 K │ train │     0 │
│ 4 │ X_d_transform   │ Identity           │      0 │ train │     0 │
│ 5 │ metrics         │ ModuleList         │      0 │ train │     0 │
└───┴─────────────────┴────────────────────┴────────┴───────┴───────┘
Trainable params: 318 K                                                         
Non-trainable params: 0                                                         
Total params: 318 K                                                             
Total estimated model params size (MB): 1.274                                   
Modules in train mode: 24                                                       
Modules in eval mode: 0                                                         
Total FLOPs: 0                                                                  
`Trainer.fit` stopped: `max_epochs=30` reached.
2026-09-15 19:53:40.650 | INFO     | __main__:run_pair:70 -   alpha=0.75 seed=0: R2_a=0.495 R2_b=0.466
GPU available: True (mps), used: False
TPU available: False, using: 0 TPU cores
💡 Tip: For seamless cloud logging and experiment tracking, try installing [litlogger](https://pypi.org/project/litlogger/) to enable LitLogger, which logs metrics and artifacts automatically to the Lightning Experiments platform.
Loading `train_dataloader` to estimate number of stepping batches.
┏━━━┳━━━━━━━━━━━━━━━━━┳━━━━━━━━━━━━━━━━━━━━┳━━━━━━━━┳━━━━━━━┳━━━━━━━┓
┃   ┃ Name            ┃ Type               ┃ Params ┃ Mode  ┃ FLOPs ┃
┡━━━╇━━━━━━━━━━━━━━━━━╇━━━━━━━━━━━━━━━━━━━━╇━━━━━━━━╇━━━━━━━╇━━━━━━━┩
│ 0 │ message_passing │ BondMessagePassing │  227 K │ train │     0 │
│ 1 │ agg             │ MeanAggregation    │      0 │ train │     0 │
│ 2 │ bn              │ Identity           │      0 │ train │     0 │
│ 3 │ predictor       │ RegressionFFN      │ 90.9 K │ train │     0 │
│ 4 │ X_d_transform   │ Identity           │      0 │ train │     0 │
│ 5 │ metrics         │ ModuleList         │      0 │ train │     0 │
└───┴─────────────────┴────────────────────┴────────┴───────┴───────┘
Trainable params: 318 K                                                         
Non-trainable params: 0                                                         
Total params: 318 K                                                             
Total estimated model params size (MB): 1.274                                   
Modules in train mode: 24                                                       
Modules in eval mode: 0                                                         
Total FLOPs: 0                                                                  
`Trainer.fit` stopped: `max_epochs=30` reached.
2026-09-15 19:55:16.194 | INFO     | __main__:run_pair:70 -   alpha=0.75 seed=1: R2_a=0.486 R2_b=0.490
GPU available: True (mps), used: False
TPU available: False, using: 0 TPU cores
💡 Tip: For seamless cloud logging and experiment tracking, try installing [litlogger](https://pypi.org/project/litlogger/) to enable LitLogger, which logs metrics and artifacts automatically to the Lightning Experiments platform.
Loading `train_dataloader` to estimate number of stepping batches.
┏━━━┳━━━━━━━━━━━━━━━━━┳━━━━━━━━━━━━━━━━━━━━┳━━━━━━━━┳━━━━━━━┳━━━━━━━┓
┃   ┃ Name            ┃ Type               ┃ Params ┃ Mode  ┃ FLOPs ┃
┡━━━╇━━━━━━━━━━━━━━━━━╇━━━━━━━━━━━━━━━━━━━━╇━━━━━━━━╇━━━━━━━╇━━━━━━━┩
│ 0 │ message_passing │ BondMessagePassing │  227 K │ train │     0 │
│ 1 │ agg             │ MeanAggregation    │      0 │ train │     0 │
│ 2 │ bn              │ Identity           │      0 │ train │     0 │
│ 3 │ predictor       │ RegressionFFN      │ 90.9 K │ train │     0 │
│ 4 │ X_d_transform   │ Identity           │      0 │ train │     0 │
│ 5 │ metrics         │ ModuleList         │      0 │ train │     0 │
└───┴─────────────────┴────────────────────┴────────┴───────┴───────┘
Trainable params: 318 K                                                         
Non-trainable params: 0                                                         
Total params: 318 K                                                             
Total estimated model params size (MB): 1.274                                   
Modules in train mode: 24                                                       
Modules in eval mode: 0                                                         
Total FLOPs: 0                                                                  
`Trainer.fit` stopped: `max_epochs=30` reached.
2026-09-15 19:56:50.523 | INFO     | __main__:run_pair:70 -   alpha=0.75 seed=2: R2_a=0.485 R2_b=0.481
GPU available: True (mps), used: False
TPU available: False, using: 0 TPU cores
💡 Tip: For seamless cloud logging and experiment tracking, try installing [litlogger](https://pypi.org/project/litlogger/) to enable LitLogger, which logs metrics and artifacts automatically to the Lightning Experiments platform.
Loading `train_dataloader` to estimate number of stepping batches.
┏━━━┳━━━━━━━━━━━━━━━━━┳━━━━━━━━━━━━━━━━━━━━┳━━━━━━━━┳━━━━━━━┳━━━━━━━┓
┃   ┃ Name            ┃ Type               ┃ Params ┃ Mode  ┃ FLOPs ┃
┡━━━╇━━━━━━━━━━━━━━━━━╇━━━━━━━━━━━━━━━━━━━━╇━━━━━━━━╇━━━━━━━╇━━━━━━━┩
│ 0 │ message_passing │ BondMessagePassing │  227 K │ train │     0 │
│ 1 │ agg             │ MeanAggregation    │      0 │ train │     0 │
│ 2 │ bn              │ Identity           │      0 │ train │     0 │
│ 3 │ predictor       │ RegressionFFN      │ 90.9 K │ train │     0 │
│ 4 │ X_d_transform   │ Identity           │      0 │ train │     0 │
│ 5 │ metrics         │ ModuleList         │      0 │ train │     0 │
└───┴─────────────────┴────────────────────┴────────┴───────┴───────┘
Trainable params: 318 K                                                         
Non-trainable params: 0                                                         
Total params: 318 K                                                             
Total estimated model params size (MB): 1.274                                   
Modules in train mode: 24                                                       
Modules in eval mode: 0                                                         
Total FLOPs: 0                                                                  
`Trainer.fit` stopped: `max_epochs=30` reached.
2026-09-15 19:58:25.999 | INFO     | __main__:run_pair:70 -   alpha=1.0 seed=0: R2_a=0.505 R2_b=-0.004
GPU available: True (mps), used: False
TPU available: False, using: 0 TPU cores
💡 Tip: For seamless cloud logging and experiment tracking, try installing [litlogger](https://pypi.org/project/litlogger/) to enable LitLogger, which logs metrics and artifacts automatically to the Lightning Experiments platform.
Loading `train_dataloader` to estimate number of stepping batches.
┏━━━┳━━━━━━━━━━━━━━━━━┳━━━━━━━━━━━━━━━━━━━━┳━━━━━━━━┳━━━━━━━┳━━━━━━━┓
┃   ┃ Name            ┃ Type               ┃ Params ┃ Mode  ┃ FLOPs ┃
┡━━━╇━━━━━━━━━━━━━━━━━╇━━━━━━━━━━━━━━━━━━━━╇━━━━━━━━╇━━━━━━━╇━━━━━━━┩
│ 0 │ message_passing │ BondMessagePassing │  227 K │ train │     0 │
│ 1 │ agg             │ MeanAggregation    │      0 │ train │     0 │
│ 2 │ bn              │ Identity           │      0 │ train │     0 │
│ 3 │ predictor       │ RegressionFFN      │ 90.9 K │ train │     0 │
│ 4 │ X_d_transform   │ Identity           │      0 │ train │     0 │
│ 5 │ metrics         │ ModuleList         │      0 │ train │     0 │
└───┴─────────────────┴────────────────────┴────────┴───────┴───────┘
Trainable params: 318 K                                                         
Non-trainable params: 0                                                         
Total params: 318 K                                                             
Total estimated model params size (MB): 1.274                                   
Modules in train mode: 24                                                       
Modules in eval mode: 0                                                         
Total FLOPs: 0                                                                  
`Trainer.fit` stopped: `max_epochs=30` reached.
2026-09-15 19:59:58.764 | INFO     | __main__:run_pair:70 -   alpha=1.0 seed=1: R2_a=0.481 R2_b=-0.008
GPU available: True (mps), used: False
TPU available: False, using: 0 TPU cores
💡 Tip: For seamless cloud logging and experiment tracking, try installing [litlogger](https://pypi.org/project/litlogger/) to enable LitLogger, which logs metrics and artifacts automatically to the Lightning Experiments platform.
Loading `train_dataloader` to estimate number of stepping batches.
┏━━━┳━━━━━━━━━━━━━━━━━┳━━━━━━━━━━━━━━━━━━━━┳━━━━━━━━┳━━━━━━━┳━━━━━━━┓
┃   ┃ Name            ┃ Type               ┃ Params ┃ Mode  ┃ FLOPs ┃
┡━━━╇━━━━━━━━━━━━━━━━━╇━━━━━━━━━━━━━━━━━━━━╇━━━━━━━━╇━━━━━━━╇━━━━━━━┩
│ 0 │ message_passing │ BondMessagePassing │  227 K │ train │     0 │
│ 1 │ agg             │ MeanAggregation    │      0 │ train │     0 │
│ 2 │ bn              │ Identity           │      0 │ train │     0 │
│ 3 │ predictor       │ RegressionFFN      │ 90.9 K │ train │     0 │
│ 4 │ X_d_transform   │ Identity           │      0 │ train │     0 │
│ 5 │ metrics         │ ModuleList         │      0 │ train │     0 │
└───┴─────────────────┴────────────────────┴────────┴───────┴───────┘
Trainable params: 318 K                                                         
Non-trainable params: 0                                                         
Total params: 318 K                                                             
Total estimated model params size (MB): 1.274                                   
Modules in train mode: 24                                                       
Modules in eval mode: 0                                                         
Total FLOPs: 0                                                                  
`Trainer.fit` stopped: `max_epochs=30` reached.
2026-09-15 20:01:33.317 | INFO     | __main__:run_pair:70 -   alpha=1.0 seed=2: R2_a=0.498 R2_b=-0.033
2026-09-15 20:01:33.325 | INFO     | __main__:run_pair:97 - wrote data/learned_fp/mu_vs_kappa_alpha_grid.json
2026-09-15 20:01:33.852 | INFO     | __main__:run_pair:39 - D3_vs_D4: 4414 molecules (Dopamine D3 + Dopamine D4)
GPU available: True (mps), used: False
TPU available: False, using: 0 TPU cores
💡 Tip: For seamless cloud logging and experiment tracking, try installing [litlogger](https://pypi.org/project/litlogger/) to enable LitLogger, which logs metrics and artifacts automatically to the Lightning Experiments platform.
Loading `train_dataloader` to estimate number of stepping batches.
┏━━━┳━━━━━━━━━━━━━━━━━┳━━━━━━━━━━━━━━━━━━━━┳━━━━━━━━┳━━━━━━━┳━━━━━━━┓
┃   ┃ Name            ┃ Type               ┃ Params ┃ Mode  ┃ FLOPs ┃
┡━━━╇━━━━━━━━━━━━━━━━━╇━━━━━━━━━━━━━━━━━━━━╇━━━━━━━━╇━━━━━━━╇━━━━━━━┩
│ 0 │ message_passing │ BondMessagePassing │  227 K │ train │     0 │
│ 1 │ agg             │ MeanAggregation    │      0 │ train │     0 │
│ 2 │ bn              │ Identity           │      0 │ train │     0 │
│ 3 │ predictor       │ RegressionFFN      │ 90.9 K │ train │     0 │
│ 4 │ X_d_transform   │ Identity           │      0 │ train │     0 │
│ 5 │ metrics         │ ModuleList         │      0 │ train │     0 │
└───┴─────────────────┴────────────────────┴────────┴───────┴───────┘
Trainable params: 318 K                                                         
Non-trainable params: 0                                                         
Total params: 318 K                                                             
Total estimated model params size (MB): 1.274                                   
Modules in train mode: 24                                                       
Modules in eval mode: 0                                                         
Total FLOPs: 0                                                                  
`Trainer.fit` stopped: `max_epochs=30` reached.
2026-09-15 20:03:07.896 | INFO     | __main__:run_pair:70 -   alpha=0.0 seed=0: R2_a=-0.020 R2_b=0.157
GPU available: True (mps), used: False
TPU available: False, using: 0 TPU cores
💡 Tip: For seamless cloud logging and experiment tracking, try installing [litlogger](https://pypi.org/project/litlogger/) to enable LitLogger, which logs metrics and artifacts automatically to the Lightning Experiments platform.
Loading `train_dataloader` to estimate number of stepping batches.
┏━━━┳━━━━━━━━━━━━━━━━━┳━━━━━━━━━━━━━━━━━━━━┳━━━━━━━━┳━━━━━━━┳━━━━━━━┓
┃   ┃ Name            ┃ Type               ┃ Params ┃ Mode  ┃ FLOPs ┃
┡━━━╇━━━━━━━━━━━━━━━━━╇━━━━━━━━━━━━━━━━━━━━╇━━━━━━━━╇━━━━━━━╇━━━━━━━┩
│ 0 │ message_passing │ BondMessagePassing │  227 K │ train │     0 │
│ 1 │ agg             │ MeanAggregation    │      0 │ train │     0 │
│ 2 │ bn              │ Identity           │      0 │ train │     0 │
│ 3 │ predictor       │ RegressionFFN      │ 90.9 K │ train │     0 │
│ 4 │ X_d_transform   │ Identity           │      0 │ train │     0 │
│ 5 │ metrics         │ ModuleList         │      0 │ train │     0 │
└───┴─────────────────┴────────────────────┴────────┴───────┴───────┘
Trainable params: 318 K                                                         
Non-trainable params: 0                                                         
Total params: 318 K                                                             
Total estimated model params size (MB): 1.274                                   
Modules in train mode: 24                                                       
Modules in eval mode: 0                                                         
Total FLOPs: 0                                                                  
`Trainer.fit` stopped: `max_epochs=30` reached.
2026-09-15 20:04:41.137 | INFO     | __main__:run_pair:70 -   alpha=0.0 seed=1: R2_a=-0.005 R2_b=0.159
GPU available: True (mps), used: False
TPU available: False, using: 0 TPU cores
💡 Tip: For seamless cloud logging and experiment tracking, try installing [litlogger](https://pypi.org/project/litlogger/) to enable LitLogger, which logs metrics and artifacts automatically to the Lightning Experiments platform.
Loading `train_dataloader` to estimate number of stepping batches.
┏━━━┳━━━━━━━━━━━━━━━━━┳━━━━━━━━━━━━━━━━━━━━┳━━━━━━━━┳━━━━━━━┳━━━━━━━┓
┃   ┃ Name            ┃ Type               ┃ Params ┃ Mode  ┃ FLOPs ┃
┡━━━╇━━━━━━━━━━━━━━━━━╇━━━━━━━━━━━━━━━━━━━━╇━━━━━━━━╇━━━━━━━╇━━━━━━━┩
│ 0 │ message_passing │ BondMessagePassing │  227 K │ train │     0 │
│ 1 │ agg             │ MeanAggregation    │      0 │ train │     0 │
│ 2 │ bn              │ Identity           │      0 │ train │     0 │
│ 3 │ predictor       │ RegressionFFN      │ 90.9 K │ train │     0 │
│ 4 │ X_d_transform   │ Identity           │      0 │ train │     0 │
│ 5 │ metrics         │ ModuleList         │      0 │ train │     0 │
└───┴─────────────────┴────────────────────┴────────┴───────┴───────┘
Trainable params: 318 K                                                         
Non-trainable params: 0                                                         
Total params: 318 K                                                             
Total estimated model params size (MB): 1.274                                   
Modules in train mode: 24                                                       
Modules in eval mode: 0                                                         
Total FLOPs: 0                                                                  
`Trainer.fit` stopped: `max_epochs=30` reached.
2026-09-15 20:06:14.159 | INFO     | __main__:run_pair:70 -   alpha=0.0 seed=2: R2_a=-0.030 R2_b=0.129
GPU available: True (mps), used: False
TPU available: False, using: 0 TPU cores
💡 Tip: For seamless cloud logging and experiment tracking, try installing [litlogger](https://pypi.org/project/litlogger/) to enable LitLogger, which logs metrics and artifacts automatically to the Lightning Experiments platform.
Loading `train_dataloader` to estimate number of stepping batches.
┏━━━┳━━━━━━━━━━━━━━━━━┳━━━━━━━━━━━━━━━━━━━━┳━━━━━━━━┳━━━━━━━┳━━━━━━━┓
┃   ┃ Name            ┃ Type               ┃ Params ┃ Mode  ┃ FLOPs ┃
┡━━━╇━━━━━━━━━━━━━━━━━╇━━━━━━━━━━━━━━━━━━━━╇━━━━━━━━╇━━━━━━━╇━━━━━━━┩
│ 0 │ message_passing │ BondMessagePassing │  227 K │ train │     0 │
│ 1 │ agg             │ MeanAggregation    │      0 │ train │     0 │
│ 2 │ bn              │ Identity           │      0 │ train │     0 │
│ 3 │ predictor       │ RegressionFFN      │ 90.9 K │ train │     0 │
│ 4 │ X_d_transform   │ Identity           │      0 │ train │     0 │
│ 5 │ metrics         │ ModuleList         │      0 │ train │     0 │
└───┴─────────────────┴────────────────────┴────────┴───────┴───────┘
Trainable params: 318 K                                                         
Non-trainable params: 0                                                         
Total params: 318 K                                                             
Total estimated model params size (MB): 1.274                                   
Modules in train mode: 24                                                       
Modules in eval mode: 0                                                         
Total FLOPs: 0                                                                  
`Trainer.fit` stopped: `max_epochs=30` reached.
2026-09-15 20:07:49.103 | INFO     | __main__:run_pair:70 -   alpha=0.25 seed=0: R2_a=0.514 R2_b=0.133
GPU available: True (mps), used: False
TPU available: False, using: 0 TPU cores
💡 Tip: For seamless cloud logging and experiment tracking, try installing [litlogger](https://pypi.org/project/litlogger/) to enable LitLogger, which logs metrics and artifacts automatically to the Lightning Experiments platform.
Loading `train_dataloader` to estimate number of stepping batches.
┏━━━┳━━━━━━━━━━━━━━━━━┳━━━━━━━━━━━━━━━━━━━━┳━━━━━━━━┳━━━━━━━┳━━━━━━━┓
┃   ┃ Name            ┃ Type               ┃ Params ┃ Mode  ┃ FLOPs ┃
┡━━━╇━━━━━━━━━━━━━━━━━╇━━━━━━━━━━━━━━━━━━━━╇━━━━━━━━╇━━━━━━━╇━━━━━━━┩
│ 0 │ message_passing │ BondMessagePassing │  227 K │ train │     0 │
│ 1 │ agg             │ MeanAggregation    │      0 │ train │     0 │
│ 2 │ bn              │ Identity           │      0 │ train │     0 │
│ 3 │ predictor       │ RegressionFFN      │ 90.9 K │ train │     0 │
│ 4 │ X_d_transform   │ Identity           │      0 │ train │     0 │
│ 5 │ metrics         │ ModuleList         │      0 │ train │     0 │
└───┴─────────────────┴────────────────────┴────────┴───────┴───────┘
Trainable params: 318 K                                                         
Non-trainable params: 0                                                         
Total params: 318 K                                                             
Total estimated model params size (MB): 1.274                                   
Modules in train mode: 24                                                       
Modules in eval mode: 0                                                         
Total FLOPs: 0                                                                  
`Trainer.fit` stopped: `max_epochs=30` reached.
2026-09-15 20:09:24.245 | INFO     | __main__:run_pair:70 -   alpha=0.25 seed=1: R2_a=0.473 R2_b=0.105
GPU available: True (mps), used: False
TPU available: False, using: 0 TPU cores
💡 Tip: For seamless cloud logging and experiment tracking, try installing [litlogger](https://pypi.org/project/litlogger/) to enable LitLogger, which logs metrics and artifacts automatically to the Lightning Experiments platform.
Loading `train_dataloader` to estimate number of stepping batches.
┏━━━┳━━━━━━━━━━━━━━━━━┳━━━━━━━━━━━━━━━━━━━━┳━━━━━━━━┳━━━━━━━┳━━━━━━━┓
┃   ┃ Name            ┃ Type               ┃ Params ┃ Mode  ┃ FLOPs ┃
┡━━━╇━━━━━━━━━━━━━━━━━╇━━━━━━━━━━━━━━━━━━━━╇━━━━━━━━╇━━━━━━━╇━━━━━━━┩
│ 0 │ message_passing │ BondMessagePassing │  227 K │ train │     0 │
│ 1 │ agg             │ MeanAggregation    │      0 │ train │     0 │
│ 2 │ bn              │ Identity           │      0 │ train │     0 │
│ 3 │ predictor       │ RegressionFFN      │ 90.9 K │ train │     0 │
│ 4 │ X_d_transform   │ Identity           │      0 │ train │     0 │
│ 5 │ metrics         │ ModuleList         │      0 │ train │     0 │
└───┴─────────────────┴────────────────────┴────────┴───────┴───────┘
Trainable params: 318 K                                                         
Non-trainable params: 0                                                         
Total params: 318 K                                                             
Total estimated model params size (MB): 1.274                                   
Modules in train mode: 24                                                       
Modules in eval mode: 0                                                         
Total FLOPs: 0                                                                  
`Trainer.fit` stopped: `max_epochs=30` reached.
2026-09-15 20:11:00.594 | INFO     | __main__:run_pair:70 -   alpha=0.25 seed=2: R2_a=0.468 R2_b=0.110
GPU available: True (mps), used: False
TPU available: False, using: 0 TPU cores
💡 Tip: For seamless cloud logging and experiment tracking, try installing [litlogger](https://pypi.org/project/litlogger/) to enable LitLogger, which logs metrics and artifacts automatically to the Lightning Experiments platform.
Loading `train_dataloader` to estimate number of stepping batches.
┏━━━┳━━━━━━━━━━━━━━━━━┳━━━━━━━━━━━━━━━━━━━━┳━━━━━━━━┳━━━━━━━┳━━━━━━━┓
┃   ┃ Name            ┃ Type               ┃ Params ┃ Mode  ┃ FLOPs ┃
┡━━━╇━━━━━━━━━━━━━━━━━╇━━━━━━━━━━━━━━━━━━━━╇━━━━━━━━╇━━━━━━━╇━━━━━━━┩
│ 0 │ message_passing │ BondMessagePassing │  227 K │ train │     0 │
│ 1 │ agg             │ MeanAggregation    │      0 │ train │     0 │
│ 2 │ bn              │ Identity           │      0 │ train │     0 │
│ 3 │ predictor       │ RegressionFFN      │ 90.9 K │ train │     0 │
│ 4 │ X_d_transform   │ Identity           │      0 │ train │     0 │
│ 5 │ metrics         │ ModuleList         │      0 │ train │     0 │
└───┴─────────────────┴────────────────────┴────────┴───────┴───────┘
Trainable params: 318 K                                                         
Non-trainable params: 0                                                         
Total params: 318 K                                                             
Total estimated model params size (MB): 1.274                                   
Modules in train mode: 24                                                       
Modules in eval mode: 0                                                         
Total FLOPs: 0                                                                  
`Trainer.fit` stopped: `max_epochs=30` reached.
2026-09-15 20:12:38.524 | INFO     | __main__:run_pair:70 -   alpha=0.5 seed=0: R2_a=0.478 R2_b=0.066
GPU available: True (mps), used: False
TPU available: False, using: 0 TPU cores
💡 Tip: For seamless cloud logging and experiment tracking, try installing [litlogger](https://pypi.org/project/litlogger/) to enable LitLogger, which logs metrics and artifacts automatically to the Lightning Experiments platform.
Loading `train_dataloader` to estimate number of stepping batches.
┏━━━┳━━━━━━━━━━━━━━━━━┳━━━━━━━━━━━━━━━━━━━━┳━━━━━━━━┳━━━━━━━┳━━━━━━━┓
┃   ┃ Name            ┃ Type               ┃ Params ┃ Mode  ┃ FLOPs ┃
┡━━━╇━━━━━━━━━━━━━━━━━╇━━━━━━━━━━━━━━━━━━━━╇━━━━━━━━╇━━━━━━━╇━━━━━━━┩
│ 0 │ message_passing │ BondMessagePassing │  227 K │ train │     0 │
│ 1 │ agg             │ MeanAggregation    │      0 │ train │     0 │
│ 2 │ bn              │ Identity           │      0 │ train │     0 │
│ 3 │ predictor       │ RegressionFFN      │ 90.9 K │ train │     0 │
│ 4 │ X_d_transform   │ Identity           │      0 │ train │     0 │
│ 5 │ metrics         │ ModuleList         │      0 │ train │     0 │
└───┴─────────────────┴────────────────────┴────────┴───────┴───────┘
Trainable params: 318 K                                                         
Non-trainable params: 0                                                         
Total params: 318 K                                                             
Total estimated model params size (MB): 1.274                                   
Modules in train mode: 24                                                       
Modules in eval mode: 0                                                         
Total FLOPs: 0                                                                  
`Trainer.fit` stopped: `max_epochs=30` reached.
2026-09-15 20:14:15.681 | INFO     | __main__:run_pair:70 -   alpha=0.5 seed=1: R2_a=0.505 R2_b=0.071
GPU available: True (mps), used: False
TPU available: False, using: 0 TPU cores
💡 Tip: For seamless cloud logging and experiment tracking, try installing [litlogger](https://pypi.org/project/litlogger/) to enable LitLogger, which logs metrics and artifacts automatically to the Lightning Experiments platform.
Loading `train_dataloader` to estimate number of stepping batches.
┏━━━┳━━━━━━━━━━━━━━━━━┳━━━━━━━━━━━━━━━━━━━━┳━━━━━━━━┳━━━━━━━┳━━━━━━━┓
┃   ┃ Name            ┃ Type               ┃ Params ┃ Mode  ┃ FLOPs ┃
┡━━━╇━━━━━━━━━━━━━━━━━╇━━━━━━━━━━━━━━━━━━━━╇━━━━━━━━╇━━━━━━━╇━━━━━━━┩
│ 0 │ message_passing │ BondMessagePassing │  227 K │ train │     0 │
│ 1 │ agg             │ MeanAggregation    │      0 │ train │     0 │
│ 2 │ bn              │ Identity           │      0 │ train │     0 │
│ 3 │ predictor       │ RegressionFFN      │ 90.9 K │ train │     0 │
│ 4 │ X_d_transform   │ Identity           │      0 │ train │     0 │
│ 5 │ metrics         │ ModuleList         │      0 │ train │     0 │
└───┴─────────────────┴────────────────────┴────────┴───────┴───────┘
Trainable params: 318 K                                                         
Non-trainable params: 0                                                         
Total params: 318 K                                                             
Total estimated model params size (MB): 1.274                                   
Modules in train mode: 24                                                       
Modules in eval mode: 0                                                         
Total FLOPs: 0                                                                  
`Trainer.fit` stopped: `max_epochs=30` reached.
2026-09-15 20:15:52.413 | INFO     | __main__:run_pair:70 -   alpha=0.5 seed=2: R2_a=0.481 R2_b=0.067
GPU available: True (mps), used: False
TPU available: False, using: 0 TPU cores
💡 Tip: For seamless cloud logging and experiment tracking, try installing [litlogger](https://pypi.org/project/litlogger/) to enable LitLogger, which logs metrics and artifacts automatically to the Lightning Experiments platform.
Loading `train_dataloader` to estimate number of stepping batches.
┏━━━┳━━━━━━━━━━━━━━━━━┳━━━━━━━━━━━━━━━━━━━━┳━━━━━━━━┳━━━━━━━┳━━━━━━━┓
┃   ┃ Name            ┃ Type               ┃ Params ┃ Mode  ┃ FLOPs ┃
┡━━━╇━━━━━━━━━━━━━━━━━╇━━━━━━━━━━━━━━━━━━━━╇━━━━━━━━╇━━━━━━━╇━━━━━━━┩
│ 0 │ message_passing │ BondMessagePassing │  227 K │ train │     0 │
│ 1 │ agg             │ MeanAggregation    │      0 │ train │     0 │
│ 2 │ bn              │ Identity           │      0 │ train │     0 │
│ 3 │ predictor       │ RegressionFFN      │ 90.9 K │ train │     0 │
│ 4 │ X_d_transform   │ Identity           │      0 │ train │     0 │
│ 5 │ metrics         │ ModuleList         │      0 │ train │     0 │
└───┴─────────────────┴────────────────────┴────────┴───────┴───────┘
Trainable params: 318 K                                                         
Non-trainable params: 0                                                         
Total params: 318 K                                                             
Total estimated model params size (MB): 1.274                                   
Modules in train mode: 24                                                       
Modules in eval mode: 0                                                         
Total FLOPs: 0                                                                  
`Trainer.fit` stopped: `max_epochs=30` reached.
2026-09-15 20:17:26.859 | INFO     | __main__:run_pair:70 -   alpha=0.75 seed=0: R2_a=0.484 R2_b=0.054
GPU available: True (mps), used: False
TPU available: False, using: 0 TPU cores
💡 Tip: For seamless cloud logging and experiment tracking, try installing [litlogger](https://pypi.org/project/litlogger/) to enable LitLogger, which logs metrics and artifacts automatically to the Lightning Experiments platform.
Loading `train_dataloader` to estimate number of stepping batches.
┏━━━┳━━━━━━━━━━━━━━━━━┳━━━━━━━━━━━━━━━━━━━━┳━━━━━━━━┳━━━━━━━┳━━━━━━━┓
┃   ┃ Name            ┃ Type               ┃ Params ┃ Mode  ┃ FLOPs ┃
┡━━━╇━━━━━━━━━━━━━━━━━╇━━━━━━━━━━━━━━━━━━━━╇━━━━━━━━╇━━━━━━━╇━━━━━━━┩
│ 0 │ message_passing │ BondMessagePassing │  227 K │ train │     0 │
│ 1 │ agg             │ MeanAggregation    │      0 │ train │     0 │
│ 2 │ bn              │ Identity           │      0 │ train │     0 │
│ 3 │ predictor       │ RegressionFFN      │ 90.9 K │ train │     0 │
│ 4 │ X_d_transform   │ Identity           │      0 │ train │     0 │
│ 5 │ metrics         │ ModuleList         │      0 │ train │     0 │
└───┴─────────────────┴────────────────────┴────────┴───────┴───────┘
Trainable params: 318 K                                                         
Non-trainable params: 0                                                         
Total params: 318 K                                                             
Total estimated model params size (MB): 1.274                                   
Modules in train mode: 24                                                       
Modules in eval mode: 0                                                         
Total FLOPs: 0                                                                  
`Trainer.fit` stopped: `max_epochs=30` reached.
2026-09-15 20:19:02.573 | INFO     | __main__:run_pair:70 -   alpha=0.75 seed=1: R2_a=0.496 R2_b=0.066
GPU available: True (mps), used: False
TPU available: False, using: 0 TPU cores
💡 Tip: For seamless cloud logging and experiment tracking, try installing [litlogger](https://pypi.org/project/litlogger/) to enable LitLogger, which logs metrics and artifacts automatically to the Lightning Experiments platform.
Loading `train_dataloader` to estimate number of stepping batches.
┏━━━┳━━━━━━━━━━━━━━━━━┳━━━━━━━━━━━━━━━━━━━━┳━━━━━━━━┳━━━━━━━┳━━━━━━━┓
┃   ┃ Name            ┃ Type               ┃ Params ┃ Mode  ┃ FLOPs ┃
┡━━━╇━━━━━━━━━━━━━━━━━╇━━━━━━━━━━━━━━━━━━━━╇━━━━━━━━╇━━━━━━━╇━━━━━━━┩
│ 0 │ message_passing │ BondMessagePassing │  227 K │ train │     0 │
│ 1 │ agg             │ MeanAggregation    │      0 │ train │     0 │
│ 2 │ bn              │ Identity           │      0 │ train │     0 │
│ 3 │ predictor       │ RegressionFFN      │ 90.9 K │ train │     0 │
│ 4 │ X_d_transform   │ Identity           │      0 │ train │     0 │
│ 5 │ metrics         │ ModuleList         │      0 │ train │     0 │
└───┴─────────────────┴────────────────────┴────────┴───────┴───────┘
Trainable params: 318 K                                                         
Non-trainable params: 0                                                         
Total params: 318 K                                                             
Total estimated model params size (MB): 1.274                                   
Modules in train mode: 24                                                       
Modules in eval mode: 0                                                         
Total FLOPs: 0                                                                  
`Trainer.fit` stopped: `max_epochs=30` reached.
2026-09-15 20:20:37.719 | INFO     | __main__:run_pair:70 -   alpha=0.75 seed=2: R2_a=0.511 R2_b=0.070
GPU available: True (mps), used: False
TPU available: False, using: 0 TPU cores
💡 Tip: For seamless cloud logging and experiment tracking, try installing [litlogger](https://pypi.org/project/litlogger/) to enable LitLogger, which logs metrics and artifacts automatically to the Lightning Experiments platform.
Loading `train_dataloader` to estimate number of stepping batches.
┏━━━┳━━━━━━━━━━━━━━━━━┳━━━━━━━━━━━━━━━━━━━━┳━━━━━━━━┳━━━━━━━┳━━━━━━━┓
┃   ┃ Name            ┃ Type               ┃ Params ┃ Mode  ┃ FLOPs ┃
┡━━━╇━━━━━━━━━━━━━━━━━╇━━━━━━━━━━━━━━━━━━━━╇━━━━━━━━╇━━━━━━━╇━━━━━━━┩
│ 0 │ message_passing │ BondMessagePassing │  227 K │ train │     0 │
│ 1 │ agg             │ MeanAggregation    │      0 │ train │     0 │
│ 2 │ bn              │ Identity           │      0 │ train │     0 │
│ 3 │ predictor       │ RegressionFFN      │ 90.9 K │ train │     0 │
│ 4 │ X_d_transform   │ Identity           │      0 │ train │     0 │
│ 5 │ metrics         │ ModuleList         │      0 │ train │     0 │
└───┴─────────────────┴────────────────────┴────────┴───────┴───────┘
Trainable params: 318 K                                                         
Non-trainable params: 0                                                         
Total params: 318 K                                                             
Total estimated model params size (MB): 1.274                                   
Modules in train mode: 24                                                       
Modules in eval mode: 0                                                         
Total FLOPs: 0                                                                  
`Trainer.fit` stopped: `max_epochs=30` reached.
2026-09-15 20:22:12.607 | INFO     | __main__:run_pair:70 -   alpha=1.0 seed=0: R2_a=0.487 R2_b=-0.081
GPU available: True (mps), used: False
TPU available: False, using: 0 TPU cores
💡 Tip: For seamless cloud logging and experiment tracking, try installing [litlogger](https://pypi.org/project/litlogger/) to enable LitLogger, which logs metrics and artifacts automatically to the Lightning Experiments platform.
Loading `train_dataloader` to estimate number of stepping batches.
┏━━━┳━━━━━━━━━━━━━━━━━┳━━━━━━━━━━━━━━━━━━━━┳━━━━━━━━┳━━━━━━━┳━━━━━━━┓
┃   ┃ Name            ┃ Type               ┃ Params ┃ Mode  ┃ FLOPs ┃
┡━━━╇━━━━━━━━━━━━━━━━━╇━━━━━━━━━━━━━━━━━━━━╇━━━━━━━━╇━━━━━━━╇━━━━━━━┩
│ 0 │ message_passing │ BondMessagePassing │  227 K │ train │     0 │
│ 1 │ agg             │ MeanAggregation    │      0 │ train │     0 │
│ 2 │ bn              │ Identity           │      0 │ train │     0 │
│ 3 │ predictor       │ RegressionFFN      │ 90.9 K │ train │     0 │
│ 4 │ X_d_transform   │ Identity           │      0 │ train │     0 │
│ 5 │ metrics         │ ModuleList         │      0 │ train │     0 │
└───┴─────────────────┴────────────────────┴────────┴───────┴───────┘
Trainable params: 318 K                                                         
Non-trainable params: 0                                                         
Total params: 318 K                                                             
Total estimated model params size (MB): 1.274                                   
Modules in train mode: 24                                                       
Modules in eval mode: 0                                                         
Total FLOPs: 0                                                                  
`Trainer.fit` stopped: `max_epochs=30` reached.
2026-09-15 20:23:46.809 | INFO     | __main__:run_pair:70 -   alpha=1.0 seed=1: R2_a=0.502 R2_b=-0.003
GPU available: True (mps), used: False
TPU available: False, using: 0 TPU cores
💡 Tip: For seamless cloud logging and experiment tracking, try installing [litlogger](https://pypi.org/project/litlogger/) to enable LitLogger, which logs metrics and artifacts automatically to the Lightning Experiments platform.
Loading `train_dataloader` to estimate number of stepping batches.
┏━━━┳━━━━━━━━━━━━━━━━━┳━━━━━━━━━━━━━━━━━━━━┳━━━━━━━━┳━━━━━━━┳━━━━━━━┓
┃   ┃ Name            ┃ Type               ┃ Params ┃ Mode  ┃ FLOPs ┃
┡━━━╇━━━━━━━━━━━━━━━━━╇━━━━━━━━━━━━━━━━━━━━╇━━━━━━━━╇━━━━━━━╇━━━━━━━┩
│ 0 │ message_passing │ BondMessagePassing │  227 K │ train │     0 │
│ 1 │ agg             │ MeanAggregation    │      0 │ train │     0 │
│ 2 │ bn              │ Identity           │      0 │ train │     0 │
│ 3 │ predictor       │ RegressionFFN      │ 90.9 K │ train │     0 │
│ 4 │ X_d_transform   │ Identity           │      0 │ train │     0 │
│ 5 │ metrics         │ ModuleList         │      0 │ train │     0 │
└───┴─────────────────┴────────────────────┴────────┴───────┴───────┘
Trainable params: 318 K                                                         
Non-trainable params: 0                                                         
Total params: 318 K                                                             
Total estimated model params size (MB): 1.274                                   
Modules in train mode: 24                                                       
Modules in eval mode: 0                                                         
Total FLOPs: 0                                                                  
`Trainer.fit` stopped: `max_epochs=30` reached.
2026-09-15 20:25:20.447 | INFO     | __main__:run_pair:70 -   alpha=1.0 seed=2: R2_a=0.527 R2_b=-0.041
2026-09-15 20:25:20.456 | INFO     | __main__:run_pair:97 - wrote data/learned_fp/D3_vs_D4_alpha_grid.json
